// Jest Snapshot v1, https://goo.gl/fbAQLP

exports[`Select.Combobox renders correctly 1`] = `
<div
  class="rc-select rc-select-single"
>
  <div
    class="rc-select-selector"
  >
    <span
      class="rc-select-selection-search"
    >
      <input
        aria-activedescendant="rc_select_6_list_0"
        aria-autocomplete="list"
        aria-controls="rc_select_6_list"
        aria-haspopup="listbox"
        aria-owns="rc_select_6_list"
        autocomplete="off"
        class="rc-select-selection-search-input"
        id="rc_select_6"
        role="combobox"
        value=""
      />
    </span>
    <span
      class="rc-select-selection-placeholder"
    >
      Search
    </span>
  </div>
</div>
`;
